// Jest Snapshot v1, https://goo.gl/fbAQLP

exports[`renders table that is sorted ascending 1`] = `
<table>
  <thead>
    <tr>
      <th>
        Product
      </th>
      <th>
        Revenue
      </th>
    </tr>
  </thead>
  <tbody>
    <tr
      key="Alfalfa Sprouts"
      othe="Alfalfa Sprouts"
    >
      <td>
        Alfalfa Sprouts
      </td>
      <td>
        12,486.74
      </td>
    </tr>
    <tr
      key="Apple"
      othe="Apple"
    >
      <td>
        Apple
      </td>
      <td>
        14,832.72
      </td>
    </tr>
    <tr
      key="Apricot"
      othe="Apricot"
    >
      <td>
        Apricot
      </td>
      <td>
        20,647.26
      </td>
    </tr>
    <tr
      key="Artichoke"
      othe="Artichoke"
    >
      <td>
        Artichoke
      </td>
      <td>
        4,849.95
      </td>
    </tr>
    <tr
      key="Asian Pear"
      othe="Asian Pear"
    >
      <td>
        Asian Pear
      </td>
      <td>
        11,601.45
      </td>
    </tr>
    <tr
      key="Asparagus"
      othe="Asparagus"
    >
      <td>
        Asparagus
      </td>
      <td>
        20,105.02
      </td>
    </tr>
    <tr
      key="Atemoya"
      othe="Atemoya"
    >
      <td>
        Atemoya
      </td>
      <td>
        11,160.60
      </td>
    </tr>
    <tr
      key="Avocado"
      othe="Avocado"
    >
      <td>
        Avocado
      </td>
      <td>
        8,842.50
      </td>
    </tr>
    <tr
      key="Bamboo Shoots"
      othe="Bamboo Shoots"
    >
      <td>
        Bamboo Shoots
      </td>
      <td>
        11,289.60
      </td>
    </tr>
    <tr
      key="Banana"
      othe="Banana"
    >
      <td>
        Banana
      </td>
      <td>
        10,872.52
      </td>
    </tr>
    <tr
      key="Bean Sprouts"
      othe="Bean Sprouts"
    >
      <td>
        Bean Sprouts
      </td>
      <td>
        16,626.56
      </td>
    </tr>
    <tr
      key="Beans"
      othe="Beans"
    >
      <td>
        Beans
      </td>
      <td>
        21,774.33
      </td>
    </tr>
    <tr
      key="Beets"
      othe="Beets"
    >
      <td>
        Beets
      </td>
      <td>
        25,521.00
      </td>
    </tr>
    <tr
      key="Belgian Endive"
      othe="Belgian Endive"
    >
      <td>
        Belgian Endive
      </td>
      <td>
        14,682.80
      </td>
    </tr>
    <tr
      key="Bell Peppers"
      othe="Bell Peppers"
    >
      <td>
        Bell Peppers
      </td>
      <td>
        24,284.16
      </td>
    </tr>
    <tr
      key="Bitter Melon"
      othe="Bitter Melon"
    >
      <td>
        Bitter Melon
      </td>
      <td>
        17,095.69
      </td>
    </tr>
    <tr
      key="Blackberries"
      othe="Blackberries"
    >
      <td>
        Blackberries
      </td>
      <td>
        28,646.27
      </td>
    </tr>
    <tr
      key="Blueberries"
      othe="Blueberries"
    >
      <td>
        Blueberries
      </td>
      <td>
        12,556.70
      </td>
    </tr>
    <tr
      key="Bok Choy"
      othe="Bok Choy"
    >
      <td>
        Bok Choy
      </td>
      <td>
        20,254.18
      </td>
    </tr>
    <tr
      key="Boniato"
      othe="Boniato"
    >
      <td>
        Boniato
      </td>
      <td>
        9,098.32
      </td>
    </tr>
    <tr
      key="Boysenberries"
      othe="Boysenberries"
    >
      <td>
        Boysenberries
      </td>
      <td>
        12,843.36
      </td>
    </tr>
    <tr
      key="Broccoflower"
      othe="Broccoflower"
    >
      <td>
        Broccoflower
      </td>
      <td>
        33,651.20
      </td>
    </tr>
    <tr
      key="Broccoli"
      othe="Broccoli"
    >
      <td>
        Broccoli
      </td>
      <td>
        19,440.30
      </td>
    </tr>
    <tr
      key="Brussels Sprouts"
      othe="Brussels Sprouts"
    >
      <td>
        Brussels Sprouts
      </td>
      <td>
        3,769.68
      </td>
    </tr>
    <tr
      key="Cabbage"
      othe="Cabbage"
    >
      <td>
        Cabbage
      </td>
      <td>
        11,514.00
      </td>
    </tr>
    <tr
      key="Cactus Pear"
      othe="Cactus Pear"
    >
      <td>
        Cactus Pear
      </td>
      <td>
        21,227.68
      </td>
    </tr>
    <tr
      key="Cantaloupe"
      othe="Cantaloupe"
    >
      <td>
        Cantaloupe
      </td>
      <td>
        14,853.96
      </td>
    </tr>
    <tr
      key="Carambola"
      othe="Carambola"
    >
      <td>
        Carambola
      </td>
      <td>
        9,796.99
      </td>
    </tr>
    <tr
      key="Carrots"
      othe="Carrots"
    >
      <td>
        Carrots
      </td>
      <td>
        29,493.04
      </td>
    </tr>
    <tr
      key="Casaba Melon"
      othe="Casaba Melon"
    >
      <td>
        Casaba Melon
      </td>
      <td>
        6,220.17
      </td>
    </tr>
    <tr
      key="Cauliflower"
      othe="Cauliflower"
    >
      <td>
        Cauliflower
      </td>
      <td>
        10,843.26
      </td>
    </tr>
    <tr
      key="Celery"
      othe="Celery"
    >
      <td>
        Celery
      </td>
      <td>
        9,718.22
      </td>
    </tr>
    <tr
      key="Chayote"
      othe="Chayote"
    >
      <td>
        Chayote
      </td>
      <td>
        20,305.76
      </td>
    </tr>
    <tr
      key="Cherimoya"
      othe="Cherimoya"
    >
      <td>
        Cherimoya
      </td>
      <td>
        15,324.21
      </td>
    </tr>
    <tr
      key="Cherries"
      othe="Cherries"
    >
      <td>
        Cherries
      </td>
      <td>
        7,505.74
      </td>
    </tr>
    <tr
      key="Coconuts"
      othe="Coconuts"
    >
      <td>
        Coconuts
      </td>
      <td>
        9,075.53
      </td>
    </tr>
    <tr
      key="Collard Greens"
      othe="Collard Greens"
    >
      <td>
        Collard Greens
      </td>
      <td>
        16,758.56
      </td>
    </tr>
    <tr
      key="Corn"
      othe="Corn"
    >
      <td>
        Corn
      </td>
      <td>
        9,437.04
      </td>
    </tr>
    <tr
      key="Cranberries"
      othe="Cranberries"
    >
      <td>
        Cranberries
      </td>
      <td>
        28,912.94
      </td>
    </tr>
    <tr
      key="Cucumber"
      othe="Cucumber"
    >
      <td>
        Cucumber
      </td>
      <td>
        12,106.82
      </td>
    </tr>
    <tr
      key="Dates"
      othe="Dates"
    >
      <td>
        Dates
      </td>
      <td>
        18,813.60
      </td>
    </tr>
    <tr
      key="Dried Plums"
      othe="Dried Plums"
    >
      <td>
        Dried Plums
      </td>
      <td>
        10,022.30
      </td>
    </tr>
    <tr
      key="Eggplant"
      othe="Eggplant"
    >
      <td>
        Eggplant
      </td>
      <td>
        10,173.60
      </td>
    </tr>
    <tr
      key="Endive"
      othe="Endive"
    >
      <td>
        Endive
      </td>
      <td>
        15,671.01
      </td>
    </tr>
    <tr
      key="Escarole"
      othe="Escarole"
    >
      <td>
        Escarole
      </td>
      <td>
        8,443.37
      </td>
    </tr>
    <tr
      key="Feijoa"
      othe="Feijoa"
    >
      <td>
        Feijoa
      </td>
      <td>
        12,015.94
      </td>
    </tr>
    <tr
      key="Fennel"
      othe="Fennel"
    >
      <td>
        Fennel
      </td>
      <td>
        12,870.70
      </td>
    </tr>
    <tr
      key="Figs"
      othe="Figs"
    >
      <td>
        Figs
      </td>
      <td>
        14,169.36
      </td>
    </tr>
    <tr
      key="Garlic"
      othe="Garlic"
    >
      <td>
        Garlic
      </td>
      <td>
        16,872.96
      </td>
    </tr>
    <tr
      key="Gooseberries"
      othe="Gooseberries"
    >
      <td>
        Gooseberries
      </td>
      <td>
        2,980.52
      </td>
    </tr>
    <tr
      key="Grapefruit"
      othe="Grapefruit"
    >
      <td>
        Grapefruit
      </td>
      <td>
        20,697.72
      </td>
    </tr>
    <tr
      key="Grapes"
      othe="Grapes"
    >
      <td>
        Grapes
      </td>
      <td>
        26,356.69
      </td>
    </tr>
    <tr
      key="Green Beans"
      othe="Green Beans"
    >
      <td>
        Green Beans
      </td>
      <td>
        11,531.14
      </td>
    </tr>
    <tr
      key="Green Onions"
      othe="Green Onions"
    >
      <td>
        Green Onions
      </td>
      <td>
        15,536.90
      </td>
    </tr>
    <tr
      key="Greens"
      othe="Greens"
    >
      <td>
        Greens
      </td>
      <td>
        11,121.90
      </td>
    </tr>
    <tr
      key="Guava"
      othe="Guava"
    >
      <td>
        Guava
      </td>
      <td>
        28,212.45
      </td>
    </tr>
    <tr
      key="Hominy"
      othe="Hominy"
    >
      <td>
        Hominy
      </td>
      <td>
        9,083.96
      </td>
    </tr>
    <tr
      key="Honeydew Melon"
      othe="Honeydew Melon"
    >
      <td>
        Honeydew Melon
      </td>
      <td>
        10,559.43
      </td>
    </tr>
    <tr
      key="Horned Melon"
      othe="Horned Melon"
    >
      <td>
        Horned Melon
      </td>
      <td>
        6,569.64
      </td>
    </tr>
    <tr
      key="Iceberg Lettuce"
      othe="Iceberg Lettuce"
    >
      <td>
        Iceberg Lettuce
      </td>
      <td>
        21,069.78
      </td>
    </tr>
    <tr
      key="Jerusalem Artichoke"
      othe="Jerusalem Artichoke"
    >
      <td>
        Jerusalem Artichoke
      </td>
      <td>
        28,203.00
      </td>
    </tr>
    <tr
      key="Jicama"
      othe="Jicama"
    >
      <td>
        Jicama
      </td>
      <td>
        13,444.20
      </td>
    </tr>
    <tr
      key="Kale"
      othe="Kale"
    >
      <td>
        Kale
      </td>
      <td>
        8,933.76
      </td>
    </tr>
    <tr
      key="Kiwifruit"
      othe="Kiwifruit"
    >
      <td>
        Kiwifruit
      </td>
      <td>
        33,122.60
      </td>
    </tr>
    <tr
      key="Kohlrabi"
      othe="Kohlrabi"
    >
      <td>
        Kohlrabi
      </td>
      <td>
        21,898.89
      </td>
    </tr>
    <tr
      key="Kumquat"
      othe="Kumquat"
    >
      <td>
        Kumquat
      </td>
      <td>
        13,267.92
      </td>
    </tr>
    <tr
      key="Leeks"
      othe="Leeks"
    >
      <td>
        Leeks
      </td>
      <td>
        7,269.34
      </td>
    </tr>
    <tr
      key="Lemons"
      othe="Lemons"
    >
      <td>
        Lemons
      </td>
      <td>
        17,755.07
      </td>
    </tr>
    <tr
      key="Lettuce"
      othe="Lettuce"
    >
      <td>
        Lettuce
      </td>
      <td>
        10,037.56
      </td>
    </tr>
    <tr
      key="Lima Beans"
      othe="Lima Beans"
    >
      <td>
        Lima Beans
      </td>
      <td>
        3,670.68
      </td>
    </tr>
    <tr
      key="Limes"
      othe="Limes"
    >
      <td>
        Limes
      </td>
      <td>
        15,708.00
      </td>
    </tr>
    <tr
      key="Longan"
      othe="Longan"
    >
      <td>
        Longan
      </td>
      <td>
        18,495.20
      </td>
    </tr>
    <tr
      key="Loquat"
      othe="Loquat"
    >
      <td>
        Loquat
      </td>
      <td>
        5,705.68
      </td>
    </tr>
    <tr
      key="Lychee"
      othe="Lychee"
    >
      <td>
        Lychee
      </td>
      <td>
        20,981.66
      </td>
    </tr>
    <tr
      key="Madarins"
      othe="Madarins"
    >
      <td>
        Madarins
      </td>
      <td>
        4,747.44
      </td>
    </tr>
    <tr
      key="Malanga"
      othe="Malanga"
    >
      <td>
        Malanga
      </td>
      <td>
        18,386.10
      </td>
    </tr>
    <tr
      key="Mandarin Oranges"
      othe="Mandarin Oranges"
    >
      <td>
        Mandarin Oranges
      </td>
      <td>
        12,380.40
      </td>
    </tr>
    <tr
      key="Mangos"
      othe="Mangos"
    >
      <td>
        Mangos
      </td>
      <td>
        10,977.28
      </td>
    </tr>
    <tr
      key="Mulberries"
      othe="Mulberries"
    >
      <td>
        Mulberries
      </td>
      <td>
        9,189.96
      </td>
    </tr>
    <tr
      key="Mushrooms"
      othe="Mushrooms"
    >
      <td>
        Mushrooms
      </td>
      <td>
        12,557.84
      </td>
    </tr>
    <tr
      key="Napa"
      othe="Napa"
    >
      <td>
        Napa
      </td>
      <td>
        15,087.56
      </td>
    </tr>
    <tr
      key="Nectarines"
      othe="Nectarines"
    >
      <td>
        Nectarines
      </td>
      <td>
        31,706.88
      </td>
    </tr>
    <tr
      key="Okra"
      othe="Okra"
    >
      <td>
        Okra
      </td>
      <td>
        20,784.21
      </td>
    </tr>
    <tr
      key="Onion"
      othe="Onion"
    >
      <td>
        Onion
      </td>
      <td>
        15,888.04
      </td>
    </tr>
    <tr
      key="Oranges"
      othe="Oranges"
    >
      <td>
        Oranges
      </td>
      <td>
        10,575.18
      </td>
    </tr>
    <tr
      key="Papayas"
      othe="Papayas"
    >
      <td>
        Papayas
      </td>
      <td>
        19,369.74
      </td>
    </tr>
    <tr
      key="Parsnip"
      othe="Parsnip"
    >
      <td>
        Parsnip
      </td>
      <td>
        17,594.65
      </td>
    </tr>
    <tr
      key="Passion Fruit"
      othe="Passion Fruit"
    >
      <td>
        Passion Fruit
      </td>
      <td>
        21,589.92
      </td>
    </tr>
    <tr
      key="Peaches"
      othe="Peaches"
    >
      <td>
        Peaches
      </td>
      <td>
        18,759.18
      </td>
    </tr>
    <tr
      key="Pears"
      othe="Pears"
    >
      <td>
        Pears
      </td>
      <td>
        10,329.30
      </td>
    </tr>
    <tr
      key="Peas"
      othe="Peas"
    >
      <td>
        Peas
      </td>
      <td>
        17,965.60
      </td>
    </tr>
    <tr
      key="Peppers"
      othe="Peppers"
    >
      <td>
        Peppers
      </td>
      <td>
        8,838.01
      </td>
    </tr>
    <tr
      key="Persimmons"
      othe="Persimmons"
    >
      <td>
        Persimmons
      </td>
      <td>
        24,514.18
      </td>
    </tr>
    <tr
      key="Pineapple"
      othe="Pineapple"
    >
      <td>
        Pineapple
      </td>
      <td>
        23,462.40
      </td>
    </tr>
    <tr
      key="Plantains"
      othe="Plantains"
    >
      <td>
        Plantains
      </td>
      <td>
        9,978.90
      </td>
    </tr>
    <tr
      key="Plums"
      othe="Plums"
    >
      <td>
        Plums
      </td>
      <td>
        13,314.60
      </td>
    </tr>
    <tr
      key="Pomegranate"
      othe="Pomegranate"
    >
      <td>
        Pomegranate
      </td>
      <td>
        13,551.09
      </td>
    </tr>
    <tr
      key="Potatoes"
      othe="Potatoes"
    >
      <td>
        Potatoes
      </td>
      <td>
        10,812.54
      </td>
    </tr>
    <tr
      key="Prickly Pear"
      othe="Prickly Pear"
    >
      <td>
        Prickly Pear
      </td>
      <td>
        17,522.59
      </td>
    </tr>
    <tr
      key="Prunes"
      othe="Prunes"
    >
      <td>
        Prunes
      </td>
      <td>
        13,644.54
      </td>
    </tr>
    <tr
      key="Pummelo"
      othe="Pummelo"
    >
      <td>
        Pummelo
      </td>
      <td>
        20,429.40
      </td>
    </tr>
    <tr
      key="Pumpkin"
      othe="Pumpkin"
    >
      <td>
        Pumpkin
      </td>
      <td>
        10,547.88
      </td>
    </tr>
    <tr
      key="Quince"
      othe="Quince"
    >
      <td>
        Quince
      </td>
      <td>
        15,250.34
      </td>
    </tr>
    <tr
      key="Radicchio"
      othe="Radicchio"
    >
      <td>
        Radicchio
      </td>
      <td>
        20,453.27
      </td>
    </tr>
    <tr
      key="Radishes"
      othe="Radishes"
    >
      <td>
        Radishes
      </td>
      <td>
        30,051.48
      </td>
    </tr>
    <tr
      key="Raisins"
      othe="Raisins"
    >
      <td>
        Raisins
      </td>
      <td>
        7,411.05
      </td>
    </tr>
    <tr
      key="Raspberries"
      othe="Raspberries"
    >
      <td>
        Raspberries
      </td>
      <td>
        4,318.82
      </td>
    </tr>
    <tr
      key="Red Cabbage"
      othe="Red Cabbage"
    >
      <td>
        Red Cabbage
      </td>
      <td>
        12,005.60
      </td>
    </tr>
    <tr
      key="Rhubarb"
      othe="Rhubarb"
    >
      <td>
        Rhubarb
      </td>
      <td>
        14,905.80
      </td>
    </tr>
    <tr
      key="Romaine Lettuce"
      othe="Romaine Lettuce"
    >
      <td>
        Romaine Lettuce
      </td>
      <td>
        32,786.28
      </td>
    </tr>
    <tr
      key="Rutabaga"
      othe="Rutabaga"
    >
      <td>
        Rutabaga
      </td>
      <td>
        18,551.12
      </td>
    </tr>
    <tr
      key="Shallots"
      othe="Shallots"
    >
      <td>
        Shallots
      </td>
      <td>
        6,517.17
      </td>
    </tr>
    <tr
      key="Snow Peas"
      othe="Snow Peas"
    >
      <td>
        Snow Peas
      </td>
      <td>
        11,989.19
      </td>
    </tr>
    <tr
      key="Spinach"
      othe="Spinach"
    >
      <td>
        Spinach
      </td>
      <td>
        19,822.32
      </td>
    </tr>
    <tr
      key="Sprouts"
      othe="Sprouts"
    >
      <td>
        Sprouts
      </td>
      <td>
        27,061.80
      </td>
    </tr>
    <tr
      key="Squash"
      othe="Squash"
    >
      <td>
        Squash
      </td>
      <td>
        15,080.00
      </td>
    </tr>
    <tr
      key="Strawberries"
      othe="Strawberries"
    >
      <td>
        Strawberries
      </td>
      <td>
        11,681.46
      </td>
    </tr>
    <tr
      key="String Beans"
      othe="String Beans"
    >
      <td>
        String Beans
      </td>
      <td>
        22,731.62
      </td>
    </tr>
    <tr
      key="Sweet Potato"
      othe="Sweet Potato"
    >
      <td>
        Sweet Potato
      </td>
      <td>
        31,680.00
      </td>
    </tr>
    <tr
      key="Tangelo"
      othe="Tangelo"
    >
      <td>
        Tangelo
      </td>
      <td>
        19,831.35
      </td>
    </tr>
    <tr
      key="Tangerines"
      othe="Tangerines"
    >
      <td>
        Tangerines
      </td>
      <td>
        29,450.24
      </td>
    </tr>
    <tr
      key="Tomatillo"
      othe="Tomatillo"
    >
      <td>
        Tomatillo
      </td>
      <td>
        9,560.46
      </td>
    </tr>
    <tr
      key="Tomato"
      othe="Tomato"
    >
      <td>
        Tomato
      </td>
      <td>
        14,517.90
      </td>
    </tr>
    <tr
      key="Turnip"
      othe="Turnip"
    >
      <td>
        Turnip
      </td>
      <td>
        15,564.12
      </td>
    </tr>
    <tr
      key="Ugli Fruit"
      othe="Ugli Fruit"
    >
      <td>
        Ugli Fruit
      </td>
      <td>
        10,838.10
      </td>
    </tr>
    <tr
      key="Water Chestnuts"
      othe="Water Chestnuts"
    >
      <td>
        Water Chestnuts
      </td>
      <td>
        7,857.66
      </td>
    </tr>
    <tr
      key="Watercress"
      othe="Watercress"
    >
      <td>
        Watercress
      </td>
      <td>
        13,642.14
      </td>
    </tr>
    <tr
      key="Watermelon"
      othe="Watermelon"
    >
      <td>
        Watermelon
      </td>
      <td>
        19,219.20
      </td>
    </tr>
    <tr
      key="Waxed Beans"
      othe="Waxed Beans"
    >
      <td>
        Waxed Beans
      </td>
      <td>
        9,119.88
      </td>
    </tr>
    <tr
      key="Yams"
      othe="Yams"
    >
      <td>
        Yams
      </td>
      <td>
        13,719.66
      </td>
    </tr>
    <tr
      key="Yellow Squash"
      othe="Yellow Squash"
    >
      <td>
        Yellow Squash
      </td>
      <td>
        23,634.52
      </td>
    </tr>
    <tr
      key="Yuca/Cassava"
      othe="Yuca/Cassava"
    >
      <td>
        Yuca/Cassava
      </td>
      <td>
        44,490.84
      </td>
    </tr>
    <tr
      key="Zucchini Squash"
      othe="Zucchini Squash"
    >
      <td>
        Zucchini Squash
      </td>
      <td>
        13,077.28
      </td>
    </tr>
  </tbody>
  <tfoot>
    <tr>
      <td>
        Total
      </td>
      <td>
        2,102,619.44
      </td>
    </tr>
  </tfoot>
</table>
`;
